*** EVALUATION ***
PROGRAM "C:\Users\Frost\Documents\Dragonfly12\LCD_ThunderBird\bin\Project.absHCS12_Serial_Monitor.abs"

*********************************************************************************************
TARGET SECTION
---------------------------------------------------------------------------------------------
Processor   : Freescale HC12
Memory Model: SMALL
File Format : ELF\DWARF 2.0
Linker      : SmartLinker V-5.0.40 Build 10203, Jul 23 2010

*********************************************************************************************
FILE SECTION
---------------------------------------------------------------------------------------------
main.asm.o                              Model: SMALL,         Lang: Assembler

*********************************************************************************************
STARTUP SECTION
---------------------------------------------------------------------------------------------
Entry point: 0xC000 (Entry)

*********************************************************************************************
SECTION-ALLOCATION SECTION
Section Name                    Size  Type     From       To       Segment
---------------------------------------------------------------------------------------------
.init                            429     R     0xC000     0xC1AC   ROM_C000
.stack                           256   R/W     0x1000     0x10FF   RAM
ConstSect                         13     R     0xC1AD     0xC1B9   ROM_C000
DataSect                          52   R/W     0x1100     0x1133   RAM
.vectSeg0_vect                     2     R     0xFFFE     0xFFFF   .vectSeg0

Summary of section sizes per section type:
READ_ONLY (R):         1BC (dec:      444)
READ_WRITE (R/W):      134 (dec:      308)

*********************************************************************************************
VECTOR-ALLOCATION SECTION
    Address     InitValue   InitFunction
---------------------------------------------------------------------------------------------
     0xFFFE        0xC000   Entry

*********************************************************************************************
OBJECT-ALLOCATION SECTION
     Name               Module                 Addr   hSize   dSize     Ref    Section   RLIB
---------------------------------------------------------------------------------------------
MODULE:                 -- main.asm.o --
- PROCEDURES:
     Entry                                     C000      21      33       0   .init       
     _Startup                                  C000       0       0       0   .init       
     main                                      C000       0       0       0   .init       
     MainLoop                                  C021       9       9       3   .init       
     TimeTick                                  C02A       9       9       0   .init       
     lcd_init                                  C033       A      10       1   .init       
     lcdi1                                     C03D      12      18       0   .init       
     write_instr_nibble                        C04F       B      11       3   .init       
     win                                       C05A       8       8       0   .init       
     write_data_nibble                         C062       B      11       2   .init       
     wdn                                       C06D       8       8       0   .init       
     write_instr_byte                          C075       D      13       3   .init       
     write_data_byte                           C082      19      25       2   .init       
     data8                                     C09B       C      12       1   .init       
     set_lcd_addr                              C0A7       E      14       0   .init       
     clear_lcd                                 C0B5       C      12       0   .init       
     hex2lcd                                   C0C1       6       6       0   .init       
     hex2asc                                   C0C7       9       9       0   .init       
     ha1                                       C0D0       3       3       0   .init       
     type_lcd                                  C0D3       3       3       0   .init       
     next_char                                 C0D6       F      15       0   .init       
     done                                      C0E5      3A      58       0   .init       
     Clock_Init                                C11F      16      22       1   .init       
     Clock_IRQ                                 C135       9       9       1   .init       
     OneComplete                               C13E       B      11       0   .init       
     Hall_Init                                 C149       7       7       1   .init       
     Read_Count                                C150       E      14       1   .init       
     Puls_Init                                 C15E      20      32       1   .init       
     Calc_Results                              C17E       E      14       1   .init       
     ms_delay                                  C18C       4       4       6   .init       
     md1                                       C190       3       3       0   .init       
     md2                                       C193       C      12       0   .init       
     dly1                                      C19F       7       7       0   .init       
     dly                                       C1A6       7       7       1   .init       
- VARIABLES:
     EntryLCD                                  1100       C      12       0   DataSect    
     TICKS                                     110C       1       1       5   DataSect    
     COUNT                                     110D       1       1       1   DataSect    
     COUNT_SEC                                 110E       2       2       2   DataSect    
     BUFFER                                    1110       4       4       6   DataSect    
     LCD_BUFFER                                1114      20      32       0   DataSect    
     VAR00001                                  C1AD       1       1       1   ConstSect   
     VAR00002                                  C1AE       1       1       0   ConstSect   
     VAR00003                                  C1AF       1       1       0   ConstSect   
     VAR00004                                  C1B0       1       1       0   ConstSect   
     VAR00005                                  C1B1       1       1       0   ConstSect   
     VAR00006                                  C1B2       1       1       0   ConstSect   
     VAR00007                                  C1B3       1       1       0   ConstSect   
     VAR00008                                  C1B4       1       1       0   ConstSect   
     VAR00009                                  C1B5       1       1       0   ConstSect   
     VAR00010                                  C1B6       1       1       0   ConstSect   
     VAR00011                                  C1B7       1       1       0   ConstSect   
     VAR00012                                  C1B8       1       1       0   ConstSect   
     VAR00013                                  C1B9       1       1       0   ConstSect   
- LABELS:
     __SEG_END_SSTACK                          1100       0       0       1               

*********************************************************************************************
MODULE STATISTIC
  Name                                      Data   Code  Const
---------------------------------------------------------------------------------------------
  main.asm.o                                  52    429     13
  other                                      256      2      0

*********************************************************************************************
SECTION USE IN OBJECT-ALLOCATION SECTION
---------------------------------------------------------------------------------------------
SECTION: ".init"
  main _Startup Entry MainLoop TimeTick lcd_init lcdi1 write_instr_nibble win 
  write_data_nibble wdn write_instr_byte write_data_byte data8 set_lcd_addr 
  clear_lcd hex2lcd hex2asc ha1 type_lcd next_char done Clock_Init Clock_IRQ 
  OneComplete Hall_Init Read_Count Puls_Init Calc_Results ms_delay md1 md2 dly1 
  dly 
SECTION: "ConstSect"
  VAR00001 VAR00002 VAR00003 VAR00004 VAR00005 VAR00006 VAR00007 VAR00008 
  VAR00009 VAR00010 VAR00011 VAR00012 VAR00013 
SECTION: "DataSect"
  EntryLCD TICKS COUNT COUNT_SEC BUFFER LCD_BUFFER 

*********************************************************************************************
OBJECT LIST SORTED BY ADDRESS
     Name                                      Addr   hSize   dSize     Ref    Section   RLIB
---------------------------------------------------------------------------------------------
     EntryLCD                                  1100       C      12       0   DataSect    
     TICKS                                     110C       1       1       5   DataSect    
     COUNT                                     110D       1       1       1   DataSect    
     COUNT_SEC                                 110E       2       2       2   DataSect    
     BUFFER                                    1110       4       4       6   DataSect    
     LCD_BUFFER                                1114      20      32       0   DataSect    
     main                                      C000       0       0       0   .init       
     _Startup                                  C000       0       0       0   .init       
     Entry                                     C000      21      33       0   .init       
     MainLoop                                  C021       9       9       3   .init       
     TimeTick                                  C02A       9       9       0   .init       
     lcd_init                                  C033       A      10       1   .init       
     lcdi1                                     C03D      12      18       0   .init       
     write_instr_nibble                        C04F       B      11       3   .init       
     win                                       C05A       8       8       0   .init       
     write_data_nibble                         C062       B      11       2   .init       
     wdn                                       C06D       8       8       0   .init       
     write_instr_byte                          C075       D      13       3   .init       
     write_data_byte                           C082      19      25       2   .init       
     data8                                     C09B       C      12       1   .init       
     set_lcd_addr                              C0A7       E      14       0   .init       
     clear_lcd                                 C0B5       C      12       0   .init       
     hex2lcd                                   C0C1       6       6       0   .init       
     hex2asc                                   C0C7       9       9       0   .init       
     ha1                                       C0D0       3       3       0   .init       
     type_lcd                                  C0D3       3       3       0   .init       
     next_char                                 C0D6       F      15       0   .init       
     done                                      C0E5      3A      58       0   .init       
     Clock_Init                                C11F      16      22       1   .init       
     Clock_IRQ                                 C135       9       9       1   .init       
     OneComplete                               C13E       B      11       0   .init       
     Hall_Init                                 C149       7       7       1   .init       
     Read_Count                                C150       E      14       1   .init       
     Puls_Init                                 C15E      20      32       1   .init       
     Calc_Results                              C17E       E      14       1   .init       
     ms_delay                                  C18C       4       4       6   .init       
     md1                                       C190       3       3       0   .init       
     md2                                       C193       C      12       0   .init       
     dly1                                      C19F       7       7       0   .init       
     dly                                       C1A6       7       7       1   .init       
     VAR00001                                  C1AD       1       1       1   ConstSect   
     VAR00002                                  C1AE       1       1       0   ConstSect   
     VAR00003                                  C1AF       1       1       0   ConstSect   
     VAR00004                                  C1B0       1       1       0   ConstSect   
     VAR00005                                  C1B1       1       1       0   ConstSect   
     VAR00006                                  C1B2       1       1       0   ConstSect   
     VAR00007                                  C1B3       1       1       0   ConstSect   
     VAR00008                                  C1B4       1       1       0   ConstSect   
     VAR00009                                  C1B5       1       1       0   ConstSect   
     VAR00010                                  C1B6       1       1       0   ConstSect   
     VAR00011                                  C1B7       1       1       0   ConstSect   
     VAR00012                                  C1B8       1       1       0   ConstSect   
     VAR00013                                  C1B9       1       1       0   ConstSect   

*********************************************************************************************
UNUSED-OBJECTS SECTION
---------------------------------------------------------------------------------------------

*********************************************************************************************
COPYDOWN SECTION
---------------------------------------------------------------------------------------------

*********************************************************************************************
OBJECT-DEPENDENCIES SECTION
---------------------------------------------------------------------------------------------
Entry                     USES __SEG_END_SSTACK lcd_init Clock_Init Hall_Init 
                                Puls_Init TICKS 
MainLoop                  USES MainLoop 
TimeTick                  USES Clock_IRQ MainLoop 
lcd_init                  USES VAR00001 
lcdi1                     USES write_instr_nibble ms_delay 
write_instr_byte          USES write_instr_nibble 
write_data_byte           USES write_data_nibble write_instr_byte ms_delay 
data8                     USES write_data_byte ms_delay 
set_lcd_addr              USES write_instr_byte ms_delay 
clear_lcd                 USES write_instr_byte ms_delay 
hex2lcd                   USES data8 
next_char                 USES write_data_byte ms_delay 
done                      USES BUFFER 
Clock_Init                USES COUNT TICKS 
Clock_IRQ                 USES TICKS 
OneComplete               USES TICKS Read_Count 
Read_Count                USES COUNT_SEC Calc_Results MainLoop 
Calc_Results              USES COUNT_SEC BUFFER 
dly                       USES dly 

*********************************************************************************************
DEPENDENCY TREE
*********************************************************************************************
 main and _Startup Group
 | 
 +- main                
 |    
 +- Entry               
    | 
    +- lcd_init            
    |    
    +- Clock_Init          
    |    
    +- Hall_Init           
    |    
    +- Puls_Init           
         
*********************************************************************************************
STATISTIC SECTION
---------------------------------------------------------------------------------------------

ExeFile:
--------
Number of blocks to be downloaded: 3
Total size of all blocks to be downloaded: 444

