*** EVALUATION ***
PROGRAM "C:\Users\Frost\Documents\Dragonfly12\LCD_DragonFly12\bin\Project.abs"

*********************************************************************************************
TARGET SECTION
---------------------------------------------------------------------------------------------
Processor   : Freescale HC12
Memory Model: SMALL
File Format : ELF\DWARF 2.0
Linker      : SmartLinker V-5.0.40 Build 10203, Jul 23 2010

*********************************************************************************************
FILE SECTION
---------------------------------------------------------------------------------------------
main.asm.o                              Model: SMALL,         Lang: Assembler

*********************************************************************************************
STARTUP SECTION
---------------------------------------------------------------------------------------------
Entry point: 0x4000 (Entry)

*********************************************************************************************
SECTION-ALLOCATION SECTION
Section Name                    Size  Type     From       To       Segment
---------------------------------------------------------------------------------------------
.data                              1   R/W     0x3800     0x3800   RAM
.init                             52     R     0x4000     0x4033   ROM_4000
.stack                           256   R/W     0x3801     0x3900   RAM
.vectSeg0_vect                     2     R     0xFFFE     0xFFFF   .vectSeg0

Summary of section sizes per section type:
READ_ONLY (R):          36 (dec:       54)
READ_WRITE (R/W):      101 (dec:      257)

*********************************************************************************************
VECTOR-ALLOCATION SECTION
    Address     InitValue   InitFunction
---------------------------------------------------------------------------------------------
     0xFFFE        0x4000   Entry

*********************************************************************************************
OBJECT-ALLOCATION SECTION
     Name               Module                 Addr   hSize   dSize     Ref    Section   RLIB
---------------------------------------------------------------------------------------------
MODULE:                 -- main.asm.o --
- PROCEDURES:
     Entry                                     4000      13      19       0   .init       
     _Startup                                  4000       0       0       0   .init       
     main                                      4000       0       0       0   .init       
     mainLoop                                  4013       D      13       1   .init       
     l1                                        4020      14      20       0   .init       
- VARIABLES:
     Temp                                      3800       1       1       5   .data       
- LABELS:
     __SEG_END_SSTACK                          3901       0       0       1               

*********************************************************************************************
MODULE STATISTIC
  Name                                      Data   Code  Const
---------------------------------------------------------------------------------------------
  main.asm.o                                   1     52      0
  other                                      256      2      0

*********************************************************************************************
SECTION USE IN OBJECT-ALLOCATION SECTION
---------------------------------------------------------------------------------------------
SECTION: ".data"
  Temp 
SECTION: ".init"
  main _Startup Entry mainLoop l1 

*********************************************************************************************
OBJECT LIST SORTED BY ADDRESS
     Name                                      Addr   hSize   dSize     Ref    Section   RLIB
---------------------------------------------------------------------------------------------
     Temp                                      3800       1       1       5   .data       
     main                                      4000       0       0       0   .init       
     _Startup                                  4000       0       0       0   .init       
     Entry                                     4000      13      19       0   .init       
     mainLoop                                  4013       D      13       1   .init       
     l1                                        4020      14      20       0   .init       

*********************************************************************************************
UNUSED-OBJECTS SECTION
---------------------------------------------------------------------------------------------

*********************************************************************************************
COPYDOWN SECTION
---------------------------------------------------------------------------------------------

*********************************************************************************************
OBJECT-DEPENDENCIES SECTION
---------------------------------------------------------------------------------------------
Entry                     USES __SEG_END_SSTACK Temp 
mainLoop                  USES Temp 
l1                        USES Temp mainLoop 

*********************************************************************************************
DEPENDENCY TREE
*********************************************************************************************
 main and _Startup Group
 | 
 +- main                
 |    
 +- Entry               
      
*********************************************************************************************
STATISTIC SECTION
---------------------------------------------------------------------------------------------

ExeFile:
--------
Number of blocks to be downloaded: 2
Total size of all blocks to be downloaded: 54

